// Jest Snapshot v1, https://goo.gl/fbAQLP

exports[`Test Component HookApp Test making correct print component <HookApp/> 1`] = `
<div>
  <h1>
    Hola mundo
  </h1>
</div>
`;
